// Jest Snapshot v1, https://goo.gl/fbAQLP

exports[`Home.vue can render 1`] = `
<div
  class="home"
>
  <div
    class="container"
    id="home-container"
  >
    <div
      class="row"
    >
      <div
        class="col"
      >
        <bill-summary-stub />
      </div>
      <div
        class="col ml-5"
      >
        <add-record-stub />
        <hr
          class="mt-3 mb-3"
          style="border: 0px; border-top: 2px solid #FFC107;"
        />
        <bill-detail-stub
          class="mt-4"
        />
      </div>
    </div>
  </div>
</div>
`;
