// Jest Snapshot v1, https://goo.gl/fbAQLP

exports[`Home.vue can render 1`] = `
<div
  class="container"
  id="record"
>
  <form>
    <div
      class="row"
    >
      <div
        class="col"
      >
        <select
          class="form-control"
        >
          
          
        </select>
      </div>
      <div
        class="col"
      >
        <select
          class="form-control"
        >
          
          
        </select>
      </div>
      <div
        class="col"
      >
        <select
          class="form-control"
        >
          
          
        </select>
      </div>
    </div>
    <div
      class="row mt-3"
    >
      <div
        class="col-4"
      >
        <select
          class="form-control"
        >
          
          
        </select>
      </div>
      <div
        class="col"
      >
        <input
          class="form-control"
          min="0"
          placeholder=""
          type="number"
        />
        <div
          class="invalid-feedback"
        />
      </div>
    </div>
    <div
      class="form row mt-3"
    >
      <div
        class="col"
      >
        <label
          for="notes"
        />
        <input
          class="form-control"
          id="notes"
          placeholder="note"
          type="text"
        />
      </div>
    </div>
    <div
      class="text-right mt-4"
    >
      <button
        class="btn btn-primary"
        type="button"
      />
    </div>
  </form>
</div>
`;

exports[`Home.vue can watch billId 1`] = `
<div
  class="container"
  id="record"
>
  <form>
    <div
      class="row"
    >
      <div
        class="col"
      >
        <select
          class="form-control"
        >
          
          
        </select>
      </div>
      <div
        class="col"
      >
        <select
          class="form-control"
        >
          
          
        </select>
      </div>
      <div
        class="col"
      >
        <select
          class="form-control"
        >
          
          
        </select>
      </div>
    </div>
    <div
      class="row mt-3"
    >
      <div
        class="col-4"
      >
        <select
          class="form-control"
        >
          
          
        </select>
      </div>
      <div
        class="col"
      >
        <input
          class="form-control"
          min="0"
          placeholder=""
          type="number"
        />
        <div
          class="invalid-feedback"
        />
      </div>
    </div>
    <div
      class="form row mt-3"
    >
      <div
        class="col"
      >
        <label
          for="notes"
        />
        <input
          class="form-control"
          id="notes"
          placeholder="note"
          type="text"
        />
      </div>
    </div>
    <div
      class="text-right mt-4"
    >
      <button
        class="btn btn-primary"
        type="button"
      />
    </div>
  </form>
</div>
`;
